

===== 1. terraform init =====
[0m[1mInitializing provider plugins...[0m
- Reusing previous version of hashicorp/local from the dependency lock file
- Using previously-installed hashicorp/local v2.9.1

[0m[1m[32mTerraform has been successfully initialized![0m[32m[0m
[0m[32m
You may now begin working with Terraform. Try running "terraform plan" to see
any changes that are required for your infrastructure. All Terraform commands
should now work.

If you ever set or change modules or backend configuration for Terraform,
rerun this command to reinitialize your working directory. If you forget, other
commands will detect it and remind you to do so if necessary.[0m



===== 2. terraform apply (crea el recurso gestionado) =====

Terraform used the selected providers to generate the following execution
plan. Resource actions are indicated with the following symbols:
  [32m+[0m create[0m

Terraform will perform the following actions:

[1m  # local_file.server_config[0m will be created
[0m  [32m+[0m[0m resource "local_file" "server_config" {
      [32m+[0m[0m content              = <<-EOT
            # Configuracion gestionada por Terraform - NO EDITAR MANUALMENTE
            sucursal_id=suc-001
            max_connections=100
            managed_by=terraform
        EOT
      [32m+[0m[0m content_base64sha256 = (known after apply)
      [32m+[0m[0m content_base64sha512 = (known after apply)
      [32m+[0m[0m content_md5          = (known after apply)
      [32m+[0m[0m content_sha1         = (known after apply)
      [32m+[0m[0m content_sha256       = (known after apply)
      [32m+[0m[0m content_sha512       = (known after apply)
      [32m+[0m[0m directory_permission = "0777"
      [32m+[0m[0m file_permission      = "0777"
      [32m+[0m[0m filename             = "./output/suc-001-server.conf"
      [32m+[0m[0m id                   = (known after apply)
    }

[1mPlan:[0m 1 to add, 0 to change, 0 to destroy.
[0m
Changes to Outputs:
  [32m+[0m[0m config_path     = "./output/suc-001-server.conf"
  [32m+[0m[0m max_connections = 100
[0m[1mlocal_file.server_config: Creating...[0m[0m
[0m[1mlocal_file.server_config: Creation complete after 0s [id=333de901fec2fd90272702965324e69e9e0a8d90][0m
[0m[1m[32m
Apply complete! Resources: 1 added, 0 changed, 0 destroyed.
[0m[0m[1m[32m
Outputs:

[0mconfig_path = "./output/suc-001-server.conf"
max_connections = 100



===== 3. Estado inicial - terraform state list =====
local_file.server_config



===== 4. Estado inicial - terraform show =====
# local_file.server_config:
resource "local_file" "server_config" {
    content              = <<-EOT
        # Configuracion gestionada por Terraform - NO EDITAR MANUALMENTE
        sucursal_id=suc-001
        max_connections=100
        managed_by=terraform
    EOT
    content_base64sha256 = "kfrdqwbzu2EuPPIX0Jl4yeJim3kaGxc26CtgVRW9GN0="
    content_base64sha512 = "BWZeb2e8g4WG1Oz1Zg5o7DvtTmrCu9WcG2QsF0F++60ao5JUV7y/Vs7Flpk7mG/bQyGayX+5hHMmlS8BQokjgQ=="
    content_md5          = "feef30fabde959b48d5cdfdee05ae6a8"
    content_sha1         = "333de901fec2fd90272702965324e69e9e0a8d90"
    content_sha256       = "91faddab06f3bb612e3cf217d09978c9e2629b791a1b1736e82b605515bd18dd"
    content_sha512       = "05665e6f67bc838586d4ecf5660e68ec3bed4e6ac2bbd59c1b642c17417efbad1aa3925457bcbf56cec596993b986fdb43219ac97fb9847326952f0142892381"
    directory_permission = "0777"
    file_permission      = "0777"
    filename             = "./output/suc-001-server.conf"
    id                   = "333de901fec2fd90272702965324e69e9e0a8d90"
}


Outputs:

config_path = "./output/suc-001-server.conf"
max_connections = 100



===== 5. Modificacion manual fuera de Terraform (simula cambio urgente en produccion) =====
# Configuracion gestionada por Terraform - NO EDITAR MANUALMENTE
sucursal_id=suc-001
max_connections=100
managed_by=terraform
# Modificado manualmente FUERA de Terraform (incidente simulado)
max_connections=9999  # cambiado a mano, sin pasar por Terraform



===== 6. terraform plan (deberia detectar drift) =====
[0m[1mlocal_file.server_config: Refreshing state... [id=333de901fec2fd90272702965324e69e9e0a8d90][0m

Terraform used the selected providers to generate the following execution
plan. Resource actions are indicated with the following symbols:
  [32m+[0m create[0m

Terraform will perform the following actions:

[1m  # local_file.server_config[0m will be created
[0m  [32m+[0m[0m resource "local_file" "server_config" {
      [32m+[0m[0m content              = <<-EOT
            # Configuracion gestionada por Terraform - NO EDITAR MANUALMENTE
            sucursal_id=suc-001
            max_connections=100
            managed_by=terraform
        EOT
      [32m+[0m[0m content_base64sha256 = (known after apply)
      [32m+[0m[0m content_base64sha512 = (known after apply)
      [32m+[0m[0m content_md5          = (known after apply)
      [32m+[0m[0m content_sha1         = (known after apply)
      [32m+[0m[0m content_sha256       = (known after apply)
      [32m+[0m[0m content_sha512       = (known after apply)
      [32m+[0m[0m directory_permission = "0777"
      [32m+[0m[0m file_permission      = "0777"
      [32m+[0m[0m filename             = "./output/suc-001-server.conf"
      [32m+[0m[0m id                   = (known after apply)
    }

[1mPlan:[0m 1 to add, 0 to change, 0 to destroy.
[0m[90m
─────────────────────────────────────────────────────────────────────────────[0m

Note: You didn't use the -out option to save this plan, so Terraform can't
guarantee to take exactly these actions if you run "terraform apply" now.



===== 7. terraform plan -refresh-only (confirma el drift sin proponer revertirlo) =====
[0m[1mlocal_file.server_config: Refreshing state... [id=333de901fec2fd90272702965324e69e9e0a8d90][0m

[1m[36mNote:[0m[1m Objects have changed outside of Terraform
[0m
Terraform detected the following changes made outside of Terraform since the
last "terraform apply" which may have affected this plan:

[1m  # local_file.server_config[0m has been deleted
[0m  [31m-[0m[0m resource "local_file" "server_config" {
      [31m-[0m[0m content              = <<-EOT
            # Configuracion gestionada por Terraform - NO EDITAR MANUALMENTE
            sucursal_id=suc-001
            max_connections=100
            managed_by=terraform
        EOT [90m-> null[0m[0m
      [31m-[0m[0m content_base64sha256 = "kfrdqwbzu2EuPPIX0Jl4yeJim3kaGxc26CtgVRW9GN0=" [90m-> null[0m[0m
      [31m-[0m[0m content_base64sha512 = "BWZeb2e8g4WG1Oz1Zg5o7DvtTmrCu9WcG2QsF0F++60ao5JUV7y/Vs7Flpk7mG/bQyGayX+5hHMmlS8BQokjgQ==" [90m-> null[0m[0m
      [31m-[0m[0m content_md5          = "feef30fabde959b48d5cdfdee05ae6a8" [90m-> null[0m[0m
      [31m-[0m[0m content_sha1         = "333de901fec2fd90272702965324e69e9e0a8d90" [90m-> null[0m[0m
      [31m-[0m[0m content_sha256       = "91faddab06f3bb612e3cf217d09978c9e2629b791a1b1736e82b605515bd18dd" [90m-> null[0m[0m
      [31m-[0m[0m content_sha512       = "05665e6f67bc838586d4ecf5660e68ec3bed4e6ac2bbd59c1b642c17417efbad1aa3925457bcbf56cec596993b986fdb43219ac97fb9847326952f0142892381" [90m-> null[0m[0m
      [31m-[0m[0m directory_permission = "0777" [90m-> null[0m[0m
      [31m-[0m[0m file_permission      = "0777" [90m-> null[0m[0m
      [31m-[0m[0m filename             = "./output/suc-001-server.conf" [90m-> null[0m[0m
      [31m-[0m[0m id                   = "333de901fec2fd90272702965324e69e9e0a8d90" [90m-> null[0m[0m
    }


This is a refresh-only plan, so Terraform will not take any actions to undo
these. If you were expecting these changes then you can apply this plan to
record the updated values in the Terraform state without changing any remote
objects.
[90m
─────────────────────────────────────────────────────────────────────────────[0m

Changes to Outputs:
  [33m~[0m[0m config_path     = "./output/suc-001-server.conf" -> (known after apply)

You can apply this plan to save these new output values to the Terraform
state, without changing any real infrastructure.
[90m
─────────────────────────────────────────────────────────────────────────────[0m

Note: You didn't use the -out option to save this plan, so Terraform can't
guarantee to take exactly these actions if you run "terraform apply" now.



===== 8. Decision: reconciliar aplicando la configuracion declarada (el codigo es la fuente de verdad) =====
[0m[1mlocal_file.server_config: Refreshing state... [id=333de901fec2fd90272702965324e69e9e0a8d90][0m

Terraform used the selected providers to generate the following execution
plan. Resource actions are indicated with the following symbols:
  [32m+[0m create[0m

Terraform will perform the following actions:

[1m  # local_file.server_config[0m will be created
[0m  [32m+[0m[0m resource "local_file" "server_config" {
      [32m+[0m[0m content              = <<-EOT
            # Configuracion gestionada por Terraform - NO EDITAR MANUALMENTE
            sucursal_id=suc-001
            max_connections=100
            managed_by=terraform
        EOT
      [32m+[0m[0m content_base64sha256 = (known after apply)
      [32m+[0m[0m content_base64sha512 = (known after apply)
      [32m+[0m[0m content_md5          = (known after apply)
      [32m+[0m[0m content_sha1         = (known after apply)
      [32m+[0m[0m content_sha256       = (known after apply)
      [32m+[0m[0m content_sha512       = (known after apply)
      [32m+[0m[0m directory_permission = "0777"
      [32m+[0m[0m file_permission      = "0777"
      [32m+[0m[0m filename             = "./output/suc-001-server.conf"
      [32m+[0m[0m id                   = (known after apply)
    }

[1mPlan:[0m 1 to add, 0 to change, 0 to destroy.
[0m[0m[1mlocal_file.server_config: Creating...[0m[0m
[0m[1mlocal_file.server_config: Creation complete after 0s [id=333de901fec2fd90272702965324e69e9e0a8d90][0m
[0m[1m[32m
Apply complete! Resources: 1 added, 0 changed, 0 destroyed.
[0m[0m[1m[32m
Outputs:

[0mconfig_path = "./output/suc-001-server.conf"
max_connections = 100



===== 9. Verificacion final - contenido del archivo reconciliado =====
# Configuracion gestionada por Terraform - NO EDITAR MANUALMENTE
sucursal_id=suc-001
max_connections=100
managed_by=terraform



===== 10. Verificacion final - terraform state list =====
local_file.server_config

