[Set up job] Current runner version: '2.337.0'
[Set up job] ##[group]Runner Image Provisioner
[Set up job] Hosted Compute Agent
[Set up job] Version: 20261002.596
[Set up job] Commit: c3d12f3313a95f25162a1503be624f3b0617f8c0
[Set up job] Build Date: 2026-10-02T22:28:27Z
[Set up job] Worker ID: {26679785-a6ff-457d-b268-6abecff3e412}
[Set up job] Region: westus
[Set up job] Cloud: Azure
[Set up job] ##[endgroup]
[Set up job] ##[group]Operating System
[Set up job] Ubuntu
[Set up job] 24.04.5
[Set up job] LTS
[Set up job] ##[endgroup]
[Set up job] ##[group]Runner Image
[Set up job] Image: ubuntu-24.04
[Set up job] Version: 20261004.327.1
[Set up job] Included Software: https://github.com/actions/runner-images/blob/ubuntu24/20261004.327/images/ubuntu/Ubuntu2404-Readme.md
[Set up job] Image Release: https://github.com/actions/runner-images/releases/tag/ubuntu24%2F20261004.327
[Set up job] ##[endgroup]
[Set up job] ##[group]GITHUB_TOKEN Permissions
[Set up job] Contents: read
[Set up job] Metadata: read
[Set up job] ##[endgroup]
[Set up job] Secret source: Actions
[Set up job] Cache mode: write
[Set up job] Prepare workflow directory
[Set up job] Prepare all required actions
[Set up job] Getting action download info
[Set up job] Download action repository 'actions/checkout@v4' (SHA:11d5960a326750d5838078e36cf38b85af677262)
[Set up job] Complete job name: Laboratorio Docker - 2 sucursales
[Run actions/checkout@v4] ##[group]Run actions/checkout@v4
[Run actions/checkout@v4] with:
[Run actions/checkout@v4]   repository: ThiagoIcochea/ServiciosCloudIAC
[Run actions/checkout@v4]   token: ***
[Run actions/checkout@v4]   ssh-strict: true
[Run actions/checkout@v4]   ssh-user: git
[Run actions/checkout@v4]   persist-credentials: true
[Run actions/checkout@v4]   clean: true
[Run actions/checkout@v4]   sparse-checkout-cone-mode: true
[Run actions/checkout@v4]   fetch-depth: 1
[Run actions/checkout@v4]   fetch-tags: false
[Run actions/checkout@v4]   show-progress: true
[Run actions/checkout@v4]   lfs: false
[Run actions/checkout@v4]   submodules: false
[Run actions/checkout@v4]   set-safe-directory: true
[Run actions/checkout@v4]   allow-unsafe-pr-checkout: false
[Run actions/checkout@v4] ##[endgroup]
[Run actions/checkout@v4] Syncing repository: ThiagoIcochea/ServiciosCloudIAC
[Run actions/checkout@v4] ##[group]Getting Git version info
[Run actions/checkout@v4] Working directory is '/home/runner/work/ServiciosCloudIAC/ServiciosCloudIAC'
[Run actions/checkout@v4] [command]/usr/bin/git version
[Run actions/checkout@v4] git version 2.55.0
[Run actions/checkout@v4] ##[endgroup]
[Run actions/checkout@v4] Temporarily overriding HOME='/home/runner/work/_temp/26242a8f-1751-4d40-aacc-60d1baff70d7' before making global git config changes
[Run actions/checkout@v4] Adding repository directory to the temporary git global config as a safe directory
[Run actions/checkout@v4] [command]/usr/bin/git config --global --add safe.directory /home/runner/work/ServiciosCloudIAC/ServiciosCloudIAC
[Run actions/checkout@v4] Deleting the contents of '/home/runner/work/ServiciosCloudIAC/ServiciosCloudIAC'
[Run actions/checkout@v4] ##[group]Initializing the repository
[Run actions/checkout@v4] [command]/usr/bin/git init /home/runner/work/ServiciosCloudIAC/ServiciosCloudIAC
[Run actions/checkout@v4] hint: Using 'master' as the name for the initial branch. This default branch name
[Run actions/checkout@v4] hint: will change to "main" in Git 3.0. To configure the initial branch name
[Run actions/checkout@v4] hint: to use in all of your new repositories, which will suppress this warning,
[Run actions/checkout@v4] hint: call:
[Run actions/checkout@v4] hint:
[Run actions/checkout@v4] hint: 	git config --global init.defaultBranch <name>
[Run actions/checkout@v4] hint:
[Run actions/checkout@v4] hint: Names commonly chosen instead of 'master' are 'main', 'trunk' and
[Run actions/checkout@v4] hint: 'development'. The just-created branch can be renamed via this command:
[Run actions/checkout@v4] hint:
[Run actions/checkout@v4] hint: 	git branch -m <name>
[Run actions/checkout@v4] hint:
[Run actions/checkout@v4] hint: Disable this message with "git config set advice.defaultBranchName false"
[Run actions/checkout@v4] Initialized empty Git repository in /home/runner/work/ServiciosCloudIAC/ServiciosCloudIAC/.git/
[Run actions/checkout@v4] [command]/usr/bin/git remote add origin https://github.com/ThiagoIcochea/ServiciosCloudIAC
[Run actions/checkout@v4] ##[endgroup]
[Run actions/checkout@v4] ##[group]Disabling automatic garbage collection
[Run actions/checkout@v4] [command]/usr/bin/git config --local gc.auto 0
[Run actions/checkout@v4] ##[endgroup]
[Run actions/checkout@v4] ##[group]Setting up auth
[Run actions/checkout@v4] [command]/usr/bin/git config --local --name-only --get-regexp core\.sshCommand
[Run actions/checkout@v4] [command]/usr/bin/git submodule foreach --recursive sh -c "git config --local --name-only --get-regexp 'core\.sshCommand' && git config --local --unset-all 'core.sshCommand' || :"
[Run actions/checkout@v4] [command]/usr/bin/git config --local --name-only --get-regexp http\.https\:\/\/github\.com\/\.extraheader
[Run actions/checkout@v4] [command]/usr/bin/git submodule foreach --recursive sh -c "git config --local --name-only --get-regexp 'http\.https\:\/\/github\.com\/\.extraheader' && git config --local --unset-all 'http.https://github.com/.extraheader' || :"
[Run actions/checkout@v4] [command]/usr/bin/git config --local --name-only --get-regexp ^includeIf\.gitdir:
[Run actions/checkout@v4] [command]/usr/bin/git submodule foreach --recursive git config --local --show-origin --name-only --get-regexp remote.origin.url
[Run actions/checkout@v4] [command]/usr/bin/git config --local http.https://github.com/.extraheader AUTHORIZATION: basic ***
[Run actions/checkout@v4] ##[endgroup]
[Run actions/checkout@v4] ##[group]Fetching the repository
[Run actions/checkout@v4] [command]/usr/bin/git -c protocol.version=2 fetch --no-tags --prune --no-recurse-submodules --depth=1 origin +0b1c33fc51ee3a953c745d4ff06e4a6ef822ed4a:refs/remotes/origin/main
[Run actions/checkout@v4] From https://github.com/ThiagoIcochea/ServiciosCloudIAC
[Run actions/checkout@v4]  * [new ref]         0b1c33fc51ee3a953c745d4ff06e4a6ef822ed4a -> origin/main
[Run actions/checkout@v4] ##[endgroup]
[Run actions/checkout@v4] ##[group]Determining the checkout info
[Run actions/checkout@v4] ##[endgroup]
[Run actions/checkout@v4] [command]/usr/bin/git sparse-checkout disable
[Run actions/checkout@v4] [command]/usr/bin/git config --local --unset-all extensions.worktreeConfig
[Run actions/checkout@v4] ##[group]Checking out the ref
[Run actions/checkout@v4] [command]/usr/bin/git checkout --progress --force -B main refs/remotes/origin/main
[Run actions/checkout@v4] Switched to a new branch 'main'
[Run actions/checkout@v4] branch 'main' set up to track 'origin/main'.
[Run actions/checkout@v4] ##[endgroup]
[Run actions/checkout@v4] [command]/usr/bin/git log -1 --format=%H
[Run actions/checkout@v4] 0b1c33fc51ee3a953c745d4ff06e4a6ef822ed4a
[Version de Docker y Docker Compose (evidencia del entorno)] ##[group]Run docker version
[Version de Docker y Docker Compose (evidencia del entorno)] ^[[36;1mdocker version^[[0m
[Version de Docker y Docker Compose (evidencia del entorno)] ^[[36;1mdocker compose version^[[0m
[Version de Docker y Docker Compose (evidencia del entorno)] shell: /usr/bin/bash -e {0}
[Version de Docker y Docker Compose (evidencia del entorno)] ##[endgroup]
[Version de Docker y Docker Compose (evidencia del entorno)] Client: Docker Engine - Community
[Version de Docker y Docker Compose (evidencia del entorno)]  Version:           28.0.4
[Version de Docker y Docker Compose (evidencia del entorno)]  API version:       1.48
[Version de Docker y Docker Compose (evidencia del entorno)]  Go version:        go1.23.7
[Version de Docker y Docker Compose (evidencia del entorno)]  Git commit:        b8034c0
[Version de Docker y Docker Compose (evidencia del entorno)]  Built:             Tue Mar 25 15:07:16 2025
[Version de Docker y Docker Compose (evidencia del entorno)]  OS/Arch:           linux/amd64
[Version de Docker y Docker Compose (evidencia del entorno)]  Context:           default
[Version de Docker y Docker Compose (evidencia del entorno)] 
[Version de Docker y Docker Compose (evidencia del entorno)] Server: Docker Engine - Community
[Version de Docker y Docker Compose (evidencia del entorno)]  Engine:
[Version de Docker y Docker Compose (evidencia del entorno)]   Version:          28.0.4
[Version de Docker y Docker Compose (evidencia del entorno)]   API version:      1.48 (minimum version 1.24)
[Version de Docker y Docker Compose (evidencia del entorno)]   Go version:       go1.23.7
[Version de Docker y Docker Compose (evidencia del entorno)]   Git commit:       6430e49
[Version de Docker y Docker Compose (evidencia del entorno)]   Built:            Tue Mar 25 15:07:16 2025
[Version de Docker y Docker Compose (evidencia del entorno)]   OS/Arch:          linux/amd64
[Version de Docker y Docker Compose (evidencia del entorno)]   Experimental:     false
[Version de Docker y Docker Compose (evidencia del entorno)]  containerd:
[Version de Docker y Docker Compose (evidencia del entorno)]   Version:          v2.3.6
[Version de Docker y Docker Compose (evidencia del entorno)]   GitCommit:        ee2735368117d2eb259779949d5e75cdafec9761
[Version de Docker y Docker Compose (evidencia del entorno)]  runc:
[Version de Docker y Docker Compose (evidencia del entorno)]   Version:          1.5.1
[Version de Docker y Docker Compose (evidencia del entorno)]   GitCommit:        v1.5.1-0-g8f2685a4
[Version de Docker y Docker Compose (evidencia del entorno)]  docker-init:
[Version de Docker y Docker Compose (evidencia del entorno)]   Version:          0.19.0
[Version de Docker y Docker Compose (evidencia del entorno)]   GitCommit:        de40ad0
[Version de Docker y Docker Compose (evidencia del entorno)] Docker Compose version v2.38.2
[docker compose up -d] ##[group]Run docker compose up -d
[docker compose up -d] ^[[36;1mdocker compose up -d^[[0m
[docker compose up -d] shell: /usr/bin/bash -e {0}
[docker compose up -d] ##[endgroup]
[docker compose up -d]  suc01-web01 Pulling 
[docker compose up -d]  suc02-web01 Pulling 
[docker compose up -d]  suc01-app01 Pulling 
[docker compose up -d]  suc02-app01 Pulling 
[docker compose up -d]  f18232174bc9 Pulling fs layer 
[docker compose up -d]  61ca4f733c80 Pulling fs layer 
[docker compose up -d]  b464cfdf2a63 Pulling fs layer 
[docker compose up -d]  d7e507024086 Pulling fs layer 
[docker compose up -d]  81bd8ed7ec67 Pulling fs layer 
[docker compose up -d]  197eb75867ef Pulling fs layer 
[docker compose up -d]  34a64644b756 Pulling fs layer 
[docker compose up -d]  39c2ddfd6010 Pulling fs layer 
[docker compose up -d]  d7e507024086 Waiting 
[docker compose up -d]  81bd8ed7ec67 Waiting 
[docker compose up -d]  197eb75867ef Waiting 
[docker compose up -d]  34a64644b756 Waiting 
[docker compose up -d]  39c2ddfd6010 Waiting 
[docker compose up -d]  f18232174bc9 Pulling fs layer 
[docker compose up -d]  61ca4f733c80 Pulling fs layer 
[docker compose up -d]  b464cfdf2a63 Pulling fs layer 
[docker compose up -d]  d7e507024086 Pulling fs layer 
[docker compose up -d]  81bd8ed7ec67 Pulling fs layer 
[docker compose up -d]  197eb75867ef Pulling fs layer 
[docker compose up -d]  34a64644b756 Pulling fs layer 
[docker compose up -d]  39c2ddfd6010 Pulling fs layer 
[docker compose up -d]  39c2ddfd6010 Waiting 
[docker compose up -d]  d7e507024086 Waiting 
[docker compose up -d]  81bd8ed7ec67 Waiting 
[docker compose up -d]  197eb75867ef Waiting 
[docker compose up -d]  34a64644b756 Waiting 
[docker compose up -d]  f18232174bc9 Pulling fs layer 
[docker compose up -d]  61ca4f733c80 Pulling fs layer 
[docker compose up -d]  b464cfdf2a63 Pulling fs layer 
[docker compose up -d]  d7e507024086 Pulling fs layer 
[docker compose up -d]  81bd8ed7ec67 Pulling fs layer 
[docker compose up -d]  197eb75867ef Pulling fs layer 
[docker compose up -d]  34a64644b756 Pulling fs layer 
[docker compose up -d]  39c2ddfd6010 Pulling fs layer 
[docker compose up -d]  39c2ddfd6010 Waiting 
[docker compose up -d]  d7e507024086 Waiting 
[docker compose up -d]  81bd8ed7ec67 Waiting 
[docker compose up -d]  197eb75867ef Waiting 
[docker compose up -d]  34a64644b756 Waiting 
[docker compose up -d]  f18232174bc9 Pulling fs layer 
[docker compose up -d]  61ca4f733c80 Pulling fs layer 
[docker compose up -d]  b464cfdf2a63 Pulling fs layer 
[docker compose up -d]  d7e507024086 Pulling fs layer 
[docker compose up -d]  81bd8ed7ec67 Pulling fs layer 
[docker compose up -d]  197eb75867ef Pulling fs layer 
[docker compose up -d]  34a64644b756 Pulling fs layer 
[docker compose up -d]  39c2ddfd6010 Pulling fs layer 
[docker compose up -d]  39c2ddfd6010 Waiting 
[docker compose up -d]  d7e507024086 Waiting 
[docker compose up -d]  81bd8ed7ec67 Waiting 
[docker compose up -d]  197eb75867ef Waiting 
[docker compose up -d]  34a64644b756 Waiting 
[docker compose up -d]  b464cfdf2a63 Downloading [==================================================>]     629B/629B
[docker compose up -d]  b464cfdf2a63 Verifying Checksum 
[docker compose up -d]  b464cfdf2a63 Download complete 
[docker compose up -d]  61ca4f733c80 Downloading [>                                                  ]   32.1kB/1.791MB
[docker compose up -d]  b464cfdf2a63 Downloading [==================================================>]     629B/629B
[docker compose up -d]  b464cfdf2a63 Download complete 
[docker compose up -d]  61ca4f733c80 Downloading [>                                                  ]   32.1kB/1.791MB
[docker compose up -d]  b464cfdf2a63 Downloading [==================================================>]     629B/629B
[docker compose up -d]  b464cfdf2a63 Verifying Checksum 
[docker compose up -d]  b464cfdf2a63 Download complete 
[docker compose up -d]  61ca4f733c80 Downloading [>                                                  ]   32.1kB/1.791MB
[docker compose up -d]  b464cfdf2a63 Downloading [==================================================>]     629B/629B
[docker compose up -d]  b464cfdf2a63 Verifying Checksum 
[docker compose up -d]  b464cfdf2a63 Download complete 
[docker compose up -d]  61ca4f733c80 Downloading [>                                                  ]   32.1kB/1.791MB
[docker compose up -d]  f18232174bc9 Downloading [>                                                  ]  48.51kB/3.642MB
[docker compose up -d]  f18232174bc9 Downloading [>                                                  ]  48.51kB/3.642MB
[docker compose up -d]  f18232174bc9 Downloading [>                                                  ]  48.51kB/3.642MB
[docker compose up -d]  f18232174bc9 Downloading [>                                                  ]  48.51kB/3.642MB
[docker compose up -d]  61ca4f733c80 Verifying Checksum 
[docker compose up -d]  61ca4f733c80 Verifying Checksum 
[docker compose up -d]  61ca4f733c80 Download complete 
[docker compose up -d]  61ca4f733c80 Download complete 
[docker compose up -d]  61ca4f733c80 Verifying Checksum 
[docker compose up -d]  61ca4f733c80 Download complete 
[docker compose up -d]  61ca4f733c80 Downloading [==================================================>]  1.791MB/1.791MB
[docker compose up -d]  61ca4f733c80 Verifying Checksum 
[docker compose up -d]  61ca4f733c80 Download complete 
[docker compose up -d]  f18232174bc9 Verifying Checksum 
[docker compose up -d]  f18232174bc9 Download complete 
[docker compose up -d]  f18232174bc9 Verifying Checksum 
[docker compose up -d]  f18232174bc9 Verifying Checksum 
[docker compose up -d]  f18232174bc9 Download complete 
[docker compose up -d]  f18232174bc9 Download complete 
[docker compose up -d]  f18232174bc9 Verifying Checksum 
[docker compose up -d]  f18232174bc9 Download complete 
[docker compose up -d]  f18232174bc9 Extracting [>                                                  ]  65.54kB/3.642MB
[docker compose up -d]  f18232174bc9 Extracting [>                                                  ]  65.54kB/3.642MB
[docker compose up -d]  f18232174bc9 Extracting [>                                                  ]  65.54kB/3.642MB
[docker compose up -d]  f18232174bc9 Extracting [>                                                  ]  65.54kB/3.642MB
[docker compose up -d]  f18232174bc9 Extracting [==================================================>]  3.642MB/3.642MB
[docker compose up -d]  f18232174bc9 Extracting [==================================================>]  3.642MB/3.642MB
[docker compose up -d]  f18232174bc9 Extracting [==================================================>]  3.642MB/3.642MB
[docker compose up -d]  f18232174bc9 Extracting [==================================================>]  3.642MB/3.642MB
[docker compose up -d]  f18232174bc9 Extracting [==================================================>]  3.642MB/3.642MB
[docker compose up -d]  f18232174bc9 Extracting [==================================================>]  3.642MB/3.642MB
[docker compose up -d]  f18232174bc9 Extracting [==================================================>]  3.642MB/3.642MB
[docker compose up -d]  f18232174bc9 Extracting [==================================================>]  3.642MB/3.642MB
[docker compose up -d]  f18232174bc9 Pull complete 
[docker compose up -d]  f18232174bc9 Pull complete 
[docker compose up -d]  f18232174bc9 Pull complete 
[docker compose up -d]  f18232174bc9 Pull complete 
[docker compose up -d]  61ca4f733c80 Extracting [>                                                  ]  32.77kB/1.791MB
[docker compose up -d]  61ca4f733c80 Extracting [>                                                  ]  32.77kB/1.791MB
[docker compose up -d]  61ca4f733c80 Extracting [>                                                  ]  32.77kB/1.791MB
[docker compose up -d]  61ca4f733c80 Extracting [>                                                  ]  32.77kB/1.791MB
[docker compose up -d]  61ca4f733c80 Extracting [==================================================>]  1.791MB/1.791MB
[docker compose up -d]  61ca4f733c80 Extracting [==================================================>]  1.791MB/1.791MB
[docker compose up -d]  61ca4f733c80 Extracting [==================================================>]  1.791MB/1.791MB
[docker compose up -d]  61ca4f733c80 Extracting [==================================================>]  1.791MB/1.791MB
[docker compose up -d]  61ca4f733c80 Extracting [==================================================>]  1.791MB/1.791MB
[docker compose up -d]  61ca4f733c80 Extracting [==================================================>]  1.791MB/1.791MB
[docker compose up -d]  61ca4f733c80 Extracting [==================================================>]  1.791MB/1.791MB
[docker compose up -d]  61ca4f733c80 Extracting [==================================================>]  1.791MB/1.791MB
[docker compose up -d]  d7e507024086 Downloading [==================================================>]     955B/955B
[docker compose up -d]  d7e507024086 Verifying Checksum 
[docker compose up -d]  d7e507024086 Download complete 
[docker compose up -d]  d7e507024086 Download complete 
[docker compose up -d]  d7e507024086 Verifying Checksum 
[docker compose up -d]  d7e507024086 Download complete 
[docker compose up -d]  d7e507024086 Verifying Checksum 
[docker compose up -d]  d7e507024086 Download complete 
[docker compose up -d]  81bd8ed7ec67 Verifying Checksum 
[docker compose up -d]  81bd8ed7ec67 Downloading [==================================================>]     402B/402B
[docker compose up -d]  81bd8ed7ec67 Download complete 
[docker compose up -d]  81bd8ed7ec67 Verifying Checksum 
[docker compose up -d]  81bd8ed7ec67 Download complete 
[docker compose up -d]  81bd8ed7ec67 Downloading [==================================================>]     402B/402B
[docker compose up -d]  81bd8ed7ec67 Downloading [==================================================>]     402B/402B
[docker compose up -d]  81bd8ed7ec67 Verifying Checksum 
[docker compose up -d]  81bd8ed7ec67 Download complete 
[docker compose up -d]  81bd8ed7ec67 Verifying Checksum 
[docker compose up -d]  81bd8ed7ec67 Download complete 
[docker compose up -d]  197eb75867ef Downloading [==================================================>]  1.209kB/1.209kB
[docker compose up -d]  197eb75867ef Verifying Checksum 
[docker compose up -d]  197eb75867ef Download complete 
[docker compose up -d]  197eb75867ef Download complete 
[docker compose up -d]  197eb75867ef Download complete 
[docker compose up -d]  197eb75867ef Download complete 
[docker compose up -d]  61ca4f733c80 Pull complete 
[docker compose up -d]  61ca4f733c80 Pull complete 
[docker compose up -d]  61ca4f733c80 Pull complete 
[docker compose up -d]  61ca4f733c80 Pull complete 
[docker compose up -d]  b464cfdf2a63 Extracting [==================================================>]     629B/629B
[docker compose up -d]  b464cfdf2a63 Extracting [==================================================>]     629B/629B
[docker compose up -d]  b464cfdf2a63 Extracting [==================================================>]     629B/629B
[docker compose up -d]  b464cfdf2a63 Extracting [==================================================>]     629B/629B
[docker compose up -d]  b464cfdf2a63 Extracting [==================================================>]     629B/629B
[docker compose up -d]  b464cfdf2a63 Extracting [==================================================>]     629B/629B
[docker compose up -d]  b464cfdf2a63 Extracting [==================================================>]     629B/629B
[docker compose up -d]  b464cfdf2a63 Extracting [==================================================>]     629B/629B
[docker compose up -d]  b464cfdf2a63 Pull complete 
[docker compose up -d]  b464cfdf2a63 Pull complete 
[docker compose up -d]  b464cfdf2a63 Pull complete 
[docker compose up -d]  b464cfdf2a63 Pull complete 
[docker compose up -d]  d7e507024086 Extracting [==================================================>]     955B/955B
[docker compose up -d]  d7e507024086 Extracting [==================================================>]     955B/955B
[docker compose up -d]  d7e507024086 Extracting [==================================================>]     955B/955B
[docker compose up -d]  d7e507024086 Extracting [==================================================>]     955B/955B
[docker compose up -d]  d7e507024086 Extracting [==================================================>]     955B/955B
[docker compose up -d]  d7e507024086 Extracting [==================================================>]     955B/955B
[docker compose up -d]  d7e507024086 Extracting [==================================================>]     955B/955B
[docker compose up -d]  d7e507024086 Extracting [==================================================>]     955B/955B
[docker compose up -d]  d7e507024086 Pull complete 
[docker compose up -d]  d7e507024086 Pull complete 
[docker compose up -d]  d7e507024086 Pull complete 
[docker compose up -d]  d7e507024086 Pull complete 
[docker compose up -d]  81bd8ed7ec67 Extracting [==================================================>]     402B/402B
[docker compose up -d]  81bd8ed7ec67 Extracting [==================================================>]     402B/402B
[docker compose up -d]  81bd8ed7ec67 Extracting [==================================================>]     402B/402B
[docker compose up -d]  81bd8ed7ec67 Extracting [==================================================>]     402B/402B
[docker compose up -d]  81bd8ed7ec67 Extracting [==================================================>]     402B/402B
[docker compose up -d]  81bd8ed7ec67 Extracting [==================================================>]     402B/402B
[docker compose up -d]  81bd8ed7ec67 Extracting [==================================================>]     402B/402B
[docker compose up -d]  81bd8ed7ec67 Extracting [==================================================>]     402B/402B
[docker compose up -d]  81bd8ed7ec67 Pull complete 
[docker compose up -d]  81bd8ed7ec67 Pull complete 
[docker compose up -d]  81bd8ed7ec67 Pull complete 
[docker compose up -d]  81bd8ed7ec67 Pull complete 
[docker compose up -d]  197eb75867ef Extracting [==================================================>]  1.209kB/1.209kB
[docker compose up -d]  197eb75867ef Extracting [==================================================>]  1.209kB/1.209kB
[docker compose up -d]  197eb75867ef Extracting [==================================================>]  1.209kB/1.209kB
[docker compose up -d]  197eb75867ef Extracting [==================================================>]  1.209kB/1.209kB
[docker compose up -d]  197eb75867ef Extracting [==================================================>]  1.209kB/1.209kB
[docker compose up -d]  197eb75867ef Extracting [==================================================>]  1.209kB/1.209kB
[docker compose up -d]  197eb75867ef Extracting [==================================================>]  1.209kB/1.209kB
[docker compose up -d]  197eb75867ef Extracting [==================================================>]  1.209kB/1.209kB
[docker compose up -d]  197eb75867ef Pull complete 
[docker compose up -d]  197eb75867ef Pull complete 
[docker compose up -d]  197eb75867ef Pull complete 
[docker compose up -d]  197eb75867ef Pull complete 
[docker compose up -d]  34a64644b756 Verifying Checksum 
[docker compose up -d]  34a64644b756 Downloading [==================================================>]  1.397kB/1.397kB
[docker compose up -d]  34a64644b756 Download complete 
[docker compose up -d]  34a64644b756 Verifying Checksum 
[docker compose up -d]  34a64644b756 Download complete 
[docker compose up -d]  34a64644b756 Extracting [==================================================>]  1.397kB/1.397kB
[docker compose up -d]  34a64644b756 Extracting [==================================================>]  1.397kB/1.397kB
[docker compose up -d]  34a64644b756 Download complete 
[docker compose up -d]  34a64644b756 Downloading [==================================================>]  1.397kB/1.397kB
[docker compose up -d]  34a64644b756 Verifying Checksum 
[docker compose up -d]  34a64644b756 Extracting [==================================================>]  1.397kB/1.397kB
[docker compose up -d]  34a64644b756 Download complete 
[docker compose up -d]  34a64644b756 Extracting [==================================================>]  1.397kB/1.397kB
[docker compose up -d]  34a64644b756 Extracting [==================================================>]  1.397kB/1.397kB
[docker compose up -d]  34a64644b756 Extracting [==================================================>]  1.397kB/1.397kB
[docker compose up -d]  34a64644b756 Extracting [==================================================>]  1.397kB/1.397kB
[docker compose up -d]  34a64644b756 Extracting [==================================================>]  1.397kB/1.397kB
[docker compose up -d]  34a64644b756 Pull complete 
[docker compose up -d]  34a64644b756 Pull complete 
[docker compose up -d]  34a64644b756 Pull complete 
[docker compose up -d]  34a64644b756 Pull complete 
[docker compose up -d]  39c2ddfd6010 Downloading [>                                                  ]  163.2kB/15.52MB
[docker compose up -d]  39c2ddfd6010 Downloading [>                                                  ]  163.2kB/15.52MB
[docker compose up -d]  39c2ddfd6010 Downloading [>                                                  ]  163.2kB/15.52MB
[docker compose up -d]  39c2ddfd6010 Downloading [>                                                  ]  163.2kB/15.52MB
[docker compose up -d]  39c2ddfd6010 Download complete 
[docker compose up -d]  39c2ddfd6010 Verifying Checksum 
[docker compose up -d]  39c2ddfd6010 Download complete 
[docker compose up -d]  39c2ddfd6010 Verifying Checksum 
[docker compose up -d]  39c2ddfd6010 Download complete 
[docker compose up -d]  39c2ddfd6010 Download complete 
[docker compose up -d]  39c2ddfd6010 Extracting [>                                                  ]  163.8kB/15.52MB
[docker compose up -d]  39c2ddfd6010 Extracting [>                                                  ]  163.8kB/15.52MB
[docker compose up -d]  39c2ddfd6010 Extracting [>                                                  ]  163.8kB/15.52MB
[docker compose up -d]  39c2ddfd6010 Extracting [>                                                  ]  163.8kB/15.52MB
[docker compose up -d]  39c2ddfd6010 Extracting [=========>                                         ]  2.949MB/15.52MB
[docker compose up -d]  39c2ddfd6010 Extracting [=========>                                         ]  2.949MB/15.52MB
[docker compose up -d]  39c2ddfd6010 Extracting [=========>                                         ]  2.949MB/15.52MB
[docker compose up -d]  39c2ddfd6010 Extracting [=========>                                         ]  2.949MB/15.52MB
[docker compose up -d]  39c2ddfd6010 Extracting [===================================>               ]  11.14MB/15.52MB
[docker compose up -d]  39c2ddfd6010 Extracting [===================================>               ]  11.14MB/15.52MB
[docker compose up -d]  39c2ddfd6010 Extracting [===================================>               ]  11.14MB/15.52MB
[docker compose up -d]  39c2ddfd6010 Extracting [===================================>               ]  11.14MB/15.52MB
[docker compose up -d]  39c2ddfd6010 Extracting [==================================================>]  15.52MB/15.52MB
[docker compose up -d]  39c2ddfd6010 Extracting [==================================================>]  15.52MB/15.52MB
[docker compose up -d]  39c2ddfd6010 Extracting [==================================================>]  15.52MB/15.52MB
[docker compose up -d]  39c2ddfd6010 Extracting [==================================================>]  15.52MB/15.52MB
[docker compose up -d]  39c2ddfd6010 Pull complete 
[docker compose up -d]  39c2ddfd6010 Pull complete 
[docker compose up -d]  39c2ddfd6010 Pull complete 
[docker compose up -d]  39c2ddfd6010 Pull complete 
[docker compose up -d]  suc01-app01 Pulled 
[docker compose up -d]  suc01-web01 Pulled 
[docker compose up -d]  suc02-app01 Pulled 
[docker compose up -d]  suc02-web01 Pulled 
[docker compose up -d]  Network docker_sucursal-02-net  Creating
[docker compose up -d]  Network docker_sucursal-02-net  Created
[docker compose up -d]  Network docker_sucursal-01-net  Creating
[docker compose up -d]  Network docker_sucursal-01-net  Created
[docker compose up -d]  Container suc02-app01  Creating
[docker compose up -d]  Container suc01-app01  Creating
[docker compose up -d]  Container suc02-web01  Creating
[docker compose up -d]  Container suc01-web01  Creating
[docker compose up -d]  Container suc01-web01  Created
[docker compose up -d]  Container suc01-app01  Created
[docker compose up -d]  Container suc02-app01  Created
[docker compose up -d]  Container suc02-web01  Created
[docker compose up -d]  Container suc01-app01  Starting
[docker compose up -d]  Container suc02-app01  Starting
[docker compose up -d]  Container suc01-web01  Starting
[docker compose up -d]  Container suc02-web01  Starting
[docker compose up -d]  Container suc02-web01  Started
[docker compose up -d]  Container suc01-web01  Started
[docker compose up -d]  Container suc02-app01  Started
[docker compose up -d]  Container suc01-app01  Started
[Esperar a que los 4 contenedores esten healthy] ##[group]Run for i in $(seq 1 30); do
[Esperar a que los 4 contenedores esten healthy] ^[[36;1mfor i in $(seq 1 30); do^[[0m
[Esperar a que los 4 contenedores esten healthy] ^[[36;1m  unhealthy=$(docker compose ps --format '{{.Name}} {{.Health}}' | grep -v healthy || true)^[[0m
[Esperar a que los 4 contenedores esten healthy] ^[[36;1m  if [ -z "$unhealthy" ]; then^[[0m
[Esperar a que los 4 contenedores esten healthy] ^[[36;1m    echo "Los 4 contenedores estan healthy."^[[0m
[Esperar a que los 4 contenedores esten healthy] ^[[36;1m    break^[[0m
[Esperar a que los 4 contenedores esten healthy] ^[[36;1m  fi^[[0m
[Esperar a que los 4 contenedores esten healthy] ^[[36;1m  echo "Esperando healthchecks... ($i/30)"^[[0m
[Esperar a que los 4 contenedores esten healthy] ^[[36;1m  sleep 2^[[0m
[Esperar a que los 4 contenedores esten healthy] ^[[36;1mdone^[[0m
[Esperar a que los 4 contenedores esten healthy] ^[[36;1mdocker compose ps^[[0m
[Esperar a que los 4 contenedores esten healthy] shell: /usr/bin/bash -e {0}
[Esperar a que los 4 contenedores esten healthy] ##[endgroup]
[Esperar a que los 4 contenedores esten healthy] Esperando healthchecks... (1/30)
[Esperar a que los 4 contenedores esten healthy] Esperando healthchecks... (2/30)
[Esperar a que los 4 contenedores esten healthy] Esperando healthchecks... (3/30)
[Esperar a que los 4 contenedores esten healthy] Esperando healthchecks... (4/30)
[Esperar a que los 4 contenedores esten healthy] Esperando healthchecks... (5/30)
[Esperar a que los 4 contenedores esten healthy] Los 4 contenedores estan healthy.
[Esperar a que los 4 contenedores esten healthy] NAME          IMAGE               COMMAND                  SERVICE       CREATED          STATUS                    PORTS
[Esperar a que los 4 contenedores esten healthy] suc01-app01   nginx:1.27-alpine   "/docker-entrypoint.…"   suc01-app01   11 seconds ago   Up 11 seconds (healthy)   0.0.0.0:8082->80/tcp, [::]:8082->80/tcp
[Esperar a que los 4 contenedores esten healthy] suc01-web01   nginx:1.27-alpine   "/docker-entrypoint.…"   suc01-web01   11 seconds ago   Up 11 seconds (healthy)   0.0.0.0:8081->80/tcp, [::]:8081->80/tcp
[Esperar a que los 4 contenedores esten healthy] suc02-app01   nginx:1.27-alpine   "/docker-entrypoint.…"   suc02-app01   11 seconds ago   Up 11 seconds (healthy)   0.0.0.0:8092->80/tcp, [::]:8092->80/tcp
[Esperar a que los 4 contenedores esten healthy] suc02-web01   nginx:1.27-alpine   "/docker-entrypoint.…"   suc02-web01   11 seconds ago   Up 11 seconds (healthy)   0.0.0.0:8091->80/tcp, [::]:8091->80/tcp
[Pruebas HTTP (los 4 servidores)] ##[group]Run set -e
[Pruebas HTTP (los 4 servidores)] ^[[36;1mset -e^[[0m
[Pruebas HTTP (los 4 servidores)] ^[[36;1mfor target in "suc01-web01:8081" "suc01-app01:8082" "suc02-web01:8091" "suc02-app01:8092"; do^[[0m
[Pruebas HTTP (los 4 servidores)] ^[[36;1m  name="${target%%:*}"^[[0m
[Pruebas HTTP (los 4 servidores)] ^[[36;1m  port="${target##*:}"^[[0m
[Pruebas HTTP (los 4 servidores)] ^[[36;1m  echo "--- HTTP $name (puerto $port) ---"^[[0m
[Pruebas HTTP (los 4 servidores)] ^[[36;1m  code=$(curl -sS -o /tmp/resp.html -w "%{http_code}" "http://localhost:${port}")^[[0m
[Pruebas HTTP (los 4 servidores)] ^[[36;1m  cat /tmp/resp.html^[[0m
[Pruebas HTTP (los 4 servidores)] ^[[36;1m  echo ""^[[0m
[Pruebas HTTP (los 4 servidores)] ^[[36;1m  echo "status=$code"^[[0m
[Pruebas HTTP (los 4 servidores)] ^[[36;1m  if [ "$code" != "200" ]; then^[[0m
[Pruebas HTTP (los 4 servidores)] ^[[36;1m    echo "::error::HTTP $name devolvio $code (se esperaba 200)"^[[0m
[Pruebas HTTP (los 4 servidores)] ^[[36;1m    exit 1^[[0m
[Pruebas HTTP (los 4 servidores)] ^[[36;1m  fi^[[0m
[Pruebas HTTP (los 4 servidores)] ^[[36;1mdone^[[0m
[Pruebas HTTP (los 4 servidores)] shell: /usr/bin/bash -e {0}
[Pruebas HTTP (los 4 servidores)] ##[endgroup]
[Pruebas HTTP (los 4 servidores)] --- HTTP suc01-web01 (puerto 8081) ---
[Pruebas HTTP (los 4 servidores)] <!doctype html>
[Pruebas HTTP (los 4 servidores)] <html lang="es">
[Pruebas HTTP (los 4 servidores)] <head><meta charset="utf-8"><title>Sucursal 01 - Servidor Web</title></head>
[Pruebas HTTP (los 4 servidores)] <body>
[Pruebas HTTP (los 4 servidores)]   <h1>Sucursal 01</h1>
[Pruebas HTTP (los 4 servidores)]   <p>Servidor: web01 (rol: web)</p>
[Pruebas HTTP (los 4 servidores)]   <p>Red Docker: sucursal-01-net</p>
[Pruebas HTTP (los 4 servidores)] </body>
[Pruebas HTTP (los 4 servidores)] </html>
[Pruebas HTTP (los 4 servidores)] 
[Pruebas HTTP (los 4 servidores)] status=200
[Pruebas HTTP (los 4 servidores)] --- HTTP suc01-app01 (puerto 8082) ---
[Pruebas HTTP (los 4 servidores)] <!doctype html>
[Pruebas HTTP (los 4 servidores)] <html lang="es">
[Pruebas HTTP (los 4 servidores)] <head><meta charset="utf-8"><title>Sucursal 01 - Servidor App</title></head>
[Pruebas HTTP (los 4 servidores)] <body>
[Pruebas HTTP (los 4 servidores)]   <h1>Sucursal 01</h1>
[Pruebas HTTP (los 4 servidores)]   <p>Servidor: app01 (rol: app)</p>
[Pruebas HTTP (los 4 servidores)]   <p>Red Docker: sucursal-01-net</p>
[Pruebas HTTP (los 4 servidores)] </body>
[Pruebas HTTP (los 4 servidores)] </html>
[Pruebas HTTP (los 4 servidores)] 
[Pruebas HTTP (los 4 servidores)] status=200
[Pruebas HTTP (los 4 servidores)] --- HTTP suc02-web01 (puerto 8091) ---
[Pruebas HTTP (los 4 servidores)] <!doctype html>
[Pruebas HTTP (los 4 servidores)] <html lang="es">
[Pruebas HTTP (los 4 servidores)] <head><meta charset="utf-8"><title>Sucursal 02 - Servidor Web</title></head>
[Pruebas HTTP (los 4 servidores)] <body>
[Pruebas HTTP (los 4 servidores)]   <h1>Sucursal 02</h1>
[Pruebas HTTP (los 4 servidores)]   <p>Servidor: web01 (rol: web)</p>
[Pruebas HTTP (los 4 servidores)]   <p>Red Docker: sucursal-02-net</p>
[Pruebas HTTP (los 4 servidores)] </body>
[Pruebas HTTP (los 4 servidores)] </html>
[Pruebas HTTP (los 4 servidores)] 
[Pruebas HTTP (los 4 servidores)] status=200
[Pruebas HTTP (los 4 servidores)] --- HTTP suc02-app01 (puerto 8092) ---
[Pruebas HTTP (los 4 servidores)] <!doctype html>
[Pruebas HTTP (los 4 servidores)] <html lang="es">
[Pruebas HTTP (los 4 servidores)] <head><meta charset="utf-8"><title>Sucursal 02 - Servidor App</title></head>
[Pruebas HTTP (los 4 servidores)] <body>
[Pruebas HTTP (los 4 servidores)]   <h1>Sucursal 02</h1>
[Pruebas HTTP (los 4 servidores)]   <p>Servidor: app01 (rol: app)</p>
[Pruebas HTTP (los 4 servidores)]   <p>Red Docker: sucursal-02-net</p>
[Pruebas HTTP (los 4 servidores)] </body>
[Pruebas HTTP (los 4 servidores)] </html>
[Pruebas HTTP (los 4 servidores)] 
[Pruebas HTTP (los 4 servidores)] status=200
[Conectividad interna (misma sucursal)] ##[group]Run set -e
[Conectividad interna (misma sucursal)] ^[[36;1mset -e^[[0m
[Conectividad interna (misma sucursal)] ^[[36;1mecho "--- suc01-web01 -> suc01-app01 ---"^[[0m
[Conectividad interna (misma sucursal)] ^[[36;1mdocker exec suc01-web01 wget -qO- --timeout=3 http://suc01-app01^[[0m
[Conectividad interna (misma sucursal)] ^[[36;1mecho ""^[[0m
[Conectividad interna (misma sucursal)] ^[[36;1mecho "--- suc02-web01 -> suc02-app01 ---"^[[0m
[Conectividad interna (misma sucursal)] ^[[36;1mdocker exec suc02-web01 wget -qO- --timeout=3 http://suc02-app01^[[0m
[Conectividad interna (misma sucursal)] ^[[36;1mecho ""^[[0m
[Conectividad interna (misma sucursal)] ^[[36;1mecho "OK: conectividad interna confirmada en ambas sucursales."^[[0m
[Conectividad interna (misma sucursal)] shell: /usr/bin/bash -e {0}
[Conectividad interna (misma sucursal)] ##[endgroup]
[Conectividad interna (misma sucursal)] --- suc01-web01 -> suc01-app01 ---
[Conectividad interna (misma sucursal)] <!doctype html>
[Conectividad interna (misma sucursal)] <html lang="es">
[Conectividad interna (misma sucursal)] <head><meta charset="utf-8"><title>Sucursal 01 - Servidor App</title></head>
[Conectividad interna (misma sucursal)] <body>
[Conectividad interna (misma sucursal)]   <h1>Sucursal 01</h1>
[Conectividad interna (misma sucursal)]   <p>Servidor: app01 (rol: app)</p>
[Conectividad interna (misma sucursal)]   <p>Red Docker: sucursal-01-net</p>
[Conectividad interna (misma sucursal)] </body>
[Conectividad interna (misma sucursal)] </html>
[Conectividad interna (misma sucursal)] 
[Conectividad interna (misma sucursal)] --- suc02-web01 -> suc02-app01 ---
[Conectividad interna (misma sucursal)] <!doctype html>
[Conectividad interna (misma sucursal)] <html lang="es">
[Conectividad interna (misma sucursal)] <head><meta charset="utf-8"><title>Sucursal 02 - Servidor App</title></head>
[Conectividad interna (misma sucursal)] <body>
[Conectividad interna (misma sucursal)]   <h1>Sucursal 02</h1>
[Conectividad interna (misma sucursal)]   <p>Servidor: app01 (rol: app)</p>
[Conectividad interna (misma sucursal)]   <p>Red Docker: sucursal-02-net</p>
[Conectividad interna (misma sucursal)] </body>
[Conectividad interna (misma sucursal)] </html>
[Conectividad interna (misma sucursal)] 
[Conectividad interna (misma sucursal)] OK: conectividad interna confirmada en ambas sucursales.
[Aislamiento de red (entre sucursales, debe fallar)] ##[group]Run echo "--- suc01-web01 -> suc02-web01 (se espera fallo) ---"
[Aislamiento de red (entre sucursales, debe fallar)] ^[[36;1mecho "--- suc01-web01 -> suc02-web01 (se espera fallo) ---"^[[0m
[Aislamiento de red (entre sucursales, debe fallar)] ^[[36;1mif docker exec suc01-web01 wget -qO- --timeout=3 http://suc02-web01 2>&1; then^[[0m
[Aislamiento de red (entre sucursales, debe fallar)] ^[[36;1m  echo "::error::suc01-web01 pudo alcanzar suc02-web01: NO hay aislamiento de red (fallo de la prueba)"^[[0m
[Aislamiento de red (entre sucursales, debe fallar)] ^[[36;1m  exit 1^[[0m
[Aislamiento de red (entre sucursales, debe fallar)] ^[[36;1melse^[[0m
[Aislamiento de red (entre sucursales, debe fallar)] ^[[36;1m  echo "OK: suc01-web01 NO pudo alcanzar suc02-web01 (aislamiento confirmado, exit=$?)"^[[0m
[Aislamiento de red (entre sucursales, debe fallar)] ^[[36;1mfi^[[0m
[Aislamiento de red (entre sucursales, debe fallar)] ^[[36;1m^[[0m
[Aislamiento de red (entre sucursales, debe fallar)] ^[[36;1mecho "--- suc02-web01 -> suc01-web01 (se espera fallo) ---"^[[0m
[Aislamiento de red (entre sucursales, debe fallar)] ^[[36;1mif docker exec suc02-web01 wget -qO- --timeout=3 http://suc01-web01 2>&1; then^[[0m
[Aislamiento de red (entre sucursales, debe fallar)] ^[[36;1m  echo "::error::suc02-web01 pudo alcanzar suc01-web01: NO hay aislamiento de red (fallo de la prueba)"^[[0m
[Aislamiento de red (entre sucursales, debe fallar)] ^[[36;1m  exit 1^[[0m
[Aislamiento de red (entre sucursales, debe fallar)] ^[[36;1melse^[[0m
[Aislamiento de red (entre sucursales, debe fallar)] ^[[36;1m  echo "OK: suc02-web01 NO pudo alcanzar suc01-web01 (aislamiento confirmado, exit=$?)"^[[0m
[Aislamiento de red (entre sucursales, debe fallar)] ^[[36;1mfi^[[0m
[Aislamiento de red (entre sucursales, debe fallar)] shell: /usr/bin/bash -e {0}
[Aislamiento de red (entre sucursales, debe fallar)] ##[endgroup]
[Aislamiento de red (entre sucursales, debe fallar)] --- suc01-web01 -> suc02-web01 (se espera fallo) ---
[Aislamiento de red (entre sucursales, debe fallar)] wget: bad address 'suc02-web01'
[Aislamiento de red (entre sucursales, debe fallar)] OK: suc01-web01 NO pudo alcanzar suc02-web01 (aislamiento confirmado, exit=1)
[Aislamiento de red (entre sucursales, debe fallar)] --- suc02-web01 -> suc01-web01 (se espera fallo) ---
[Aislamiento de red (entre sucursales, debe fallar)] wget: bad address 'suc01-web01'
[Aislamiento de red (entre sucursales, debe fallar)] OK: suc02-web01 NO pudo alcanzar suc01-web01 (aislamiento confirmado, exit=1)
[Logs de los contenedores (evidencia)] ##[group]Run docker compose logs
[Logs de los contenedores (evidencia)] ^[[36;1mdocker compose logs^[[0m
[Logs de los contenedores (evidencia)] shell: /usr/bin/bash -e {0}
[Logs de los contenedores (evidencia)] ##[endgroup]
[Logs de los contenedores (evidencia)] suc01-app01  | /docker-entrypoint.sh: /docker-entrypoint.d/ is not empty, will attempt to perform configuration
[Logs de los contenedores (evidencia)] suc01-app01  | /docker-entrypoint.sh: Looking for shell scripts in /docker-entrypoint.d/
[Logs de los contenedores (evidencia)] suc01-app01  | /docker-entrypoint.sh: Launching /docker-entrypoint.d/10-listen-on-ipv6-by-default.sh
[Logs de los contenedores (evidencia)] suc01-app01  | 10-listen-on-ipv6-by-default.sh: info: Getting the checksum of /etc/nginx/conf.d/default.conf
[Logs de los contenedores (evidencia)] suc01-app01  | 10-listen-on-ipv6-by-default.sh: info: Enabled listen on IPv6 in /etc/nginx/conf.d/default.conf
[Logs de los contenedores (evidencia)] suc01-app01  | /docker-entrypoint.sh: Sourcing /docker-entrypoint.d/15-local-resolvers.envsh
[Logs de los contenedores (evidencia)] suc01-app01  | /docker-entrypoint.sh: Launching /docker-entrypoint.d/20-envsubst-on-templates.sh
[Logs de los contenedores (evidencia)] suc01-app01  | /docker-entrypoint.sh: Launching /docker-entrypoint.d/30-tune-worker-processes.sh
[Logs de los contenedores (evidencia)] suc01-app01  | /docker-entrypoint.sh: Configuration complete; ready for start up
[Logs de los contenedores (evidencia)] suc01-app01  | 2026/10/08 19:31:39 [notice] 1#1: using the "epoll" event method
[Logs de los contenedores (evidencia)] suc01-app01  | 2026/10/08 19:31:39 [notice] 1#1: nginx/1.27.5
[Logs de los contenedores (evidencia)] suc01-app01  | 2026/10/08 19:31:39 [notice] 1#1: built by gcc 14.2.0 (Alpine 14.2.0) 
[Logs de los contenedores (evidencia)] suc01-app01  | 2026/10/08 19:31:39 [notice] 1#1: OS: Linux 6.17.0-1022-azure
[Logs de los contenedores (evidencia)] suc01-app01  | 2026/10/08 19:31:39 [notice] 1#1: getrlimit(RLIMIT_NOFILE): 65536:65536
[Logs de los contenedores (evidencia)] suc01-app01  | 2026/10/08 19:31:39 [notice] 1#1: start worker processes
[Logs de los contenedores (evidencia)] suc01-app01  | 2026/10/08 19:31:39 [notice] 1#1: start worker process 30
[Logs de los contenedores (evidencia)] suc01-app01  | 2026/10/08 19:31:39 [notice] 1#1: start worker process 31
[Logs de los contenedores (evidencia)] suc01-app01  | 2026/10/08 19:31:39 [notice] 1#1: start worker process 32
[Logs de los contenedores (evidencia)] suc01-app01  | 2026/10/08 19:31:39 [notice] 1#1: start worker process 33
[Logs de los contenedores (evidencia)] suc01-app01  | ::1 - - [08/Oct/2026:19:31:49 +0000] "GET / HTTP/1.1" 200 229 "-" "Wget" "-"
[Logs de los contenedores (evidencia)] suc01-app01  | 172.19.0.1 - - [08/Oct/2026:19:31:50 +0000] "GET / HTTP/1.1" 200 229 "-" "curl/8.5.0" "-"
[Logs de los contenedores (evidencia)] suc01-app01  | 172.19.0.3 - - [08/Oct/2026:19:31:50 +0000] "GET / HTTP/1.1" 200 229 "-" "Wget" "-"
[Logs de los contenedores (evidencia)] suc01-app01  | ::1 - - [08/Oct/2026:19:31:59 +0000] "GET / HTTP/1.1" 200 229 "-" "Wget" "-"
[Logs de los contenedores (evidencia)] suc01-web01  | /docker-entrypoint.sh: /docker-entrypoint.d/ is not empty, will attempt to perform configuration
[Logs de los contenedores (evidencia)] suc02-web01  | /docker-entrypoint.sh: /docker-entrypoint.d/ is not empty, will attempt to perform configuration
[Logs de los contenedores (evidencia)] suc02-web01  | /docker-entrypoint.sh: Looking for shell scripts in /docker-entrypoint.d/
[Logs de los contenedores (evidencia)] suc02-app01  | /docker-entrypoint.sh: /docker-entrypoint.d/ is not empty, will attempt to perform configuration
[Logs de los contenedores (evidencia)] suc02-app01  | /docker-entrypoint.sh: Looking for shell scripts in /docker-entrypoint.d/
[Logs de los contenedores (evidencia)] suc02-app01  | /docker-entrypoint.sh: Launching /docker-entrypoint.d/10-listen-on-ipv6-by-default.sh
[Logs de los contenedores (evidencia)] suc02-app01  | 10-listen-on-ipv6-by-default.sh: info: Getting the checksum of /etc/nginx/conf.d/default.conf
[Logs de los contenedores (evidencia)] suc02-app01  | 10-listen-on-ipv6-by-default.sh: info: Enabled listen on IPv6 in /etc/nginx/conf.d/default.conf
[Logs de los contenedores (evidencia)] suc02-app01  | /docker-entrypoint.sh: Sourcing /docker-entrypoint.d/15-local-resolvers.envsh
[Logs de los contenedores (evidencia)] suc02-app01  | /docker-entrypoint.sh: Launching /docker-entrypoint.d/20-envsubst-on-templates.sh
[Logs de los contenedores (evidencia)] suc02-app01  | /docker-entrypoint.sh: Launching /docker-entrypoint.d/30-tune-worker-processes.sh
[Logs de los contenedores (evidencia)] suc02-app01  | /docker-entrypoint.sh: Configuration complete; ready for start up
[Logs de los contenedores (evidencia)] suc02-app01  | 2026/10/08 19:31:39 [notice] 1#1: using the "epoll" event method
[Logs de los contenedores (evidencia)] suc02-app01  | 2026/10/08 19:31:39 [notice] 1#1: nginx/1.27.5
[Logs de los contenedores (evidencia)] suc02-app01  | 2026/10/08 19:31:39 [notice] 1#1: built by gcc 14.2.0 (Alpine 14.2.0) 
[Logs de los contenedores (evidencia)] suc02-app01  | 2026/10/08 19:31:39 [notice] 1#1: OS: Linux 6.17.0-1022-azure
[Logs de los contenedores (evidencia)] suc02-app01  | 2026/10/08 19:31:39 [notice] 1#1: getrlimit(RLIMIT_NOFILE): 65536:65536
[Logs de los contenedores (evidencia)] suc02-app01  | 2026/10/08 19:31:39 [notice] 1#1: start worker processes
[Logs de los contenedores (evidencia)] suc02-app01  | 2026/10/08 19:31:39 [notice] 1#1: start worker process 30
[Logs de los contenedores (evidencia)] suc02-app01  | 2026/10/08 19:31:39 [notice] 1#1: start worker process 31
[Logs de los contenedores (evidencia)] suc02-app01  | 2026/10/08 19:31:39 [notice] 1#1: start worker process 32
[Logs de los contenedores (evidencia)] suc02-app01  | 2026/10/08 19:31:39 [notice] 1#1: start worker process 33
[Logs de los contenedores (evidencia)] suc02-app01  | ::1 - - [08/Oct/2026:19:31:49 +0000] "GET / HTTP/1.1" 200 229 "-" "Wget" "-"
[Logs de los contenedores (evidencia)] suc02-app01  | 172.18.0.1 - - [08/Oct/2026:19:31:50 +0000] "GET / HTTP/1.1" 200 229 "-" "curl/8.5.0" "-"
[Logs de los contenedores (evidencia)] suc02-app01  | 172.18.0.3 - - [08/Oct/2026:19:31:50 +0000] "GET / HTTP/1.1" 200 229 "-" "Wget" "-"
[Logs de los contenedores (evidencia)] suc02-app01  | ::1 - - [08/Oct/2026:19:31:59 +0000] "GET / HTTP/1.1" 200 229 "-" "Wget" "-"
[Logs de los contenedores (evidencia)] suc01-web01  | /docker-entrypoint.sh: Looking for shell scripts in /docker-entrypoint.d/
[Logs de los contenedores (evidencia)] suc01-web01  | /docker-entrypoint.sh: Launching /docker-entrypoint.d/10-listen-on-ipv6-by-default.sh
[Logs de los contenedores (evidencia)] suc01-web01  | 10-listen-on-ipv6-by-default.sh: info: Getting the checksum of /etc/nginx/conf.d/default.conf
[Logs de los contenedores (evidencia)] suc01-web01  | 10-listen-on-ipv6-by-default.sh: info: Enabled listen on IPv6 in /etc/nginx/conf.d/default.conf
[Logs de los contenedores (evidencia)] suc01-web01  | /docker-entrypoint.sh: Sourcing /docker-entrypoint.d/15-local-resolvers.envsh
[Logs de los contenedores (evidencia)] suc02-web01  | /docker-entrypoint.sh: Launching /docker-entrypoint.d/10-listen-on-ipv6-by-default.sh
[Logs de los contenedores (evidencia)] suc02-web01  | 10-listen-on-ipv6-by-default.sh: info: Getting the checksum of /etc/nginx/conf.d/default.conf
[Logs de los contenedores (evidencia)] suc02-web01  | 10-listen-on-ipv6-by-default.sh: info: Enabled listen on IPv6 in /etc/nginx/conf.d/default.conf
[Logs de los contenedores (evidencia)] suc02-web01  | /docker-entrypoint.sh: Sourcing /docker-entrypoint.d/15-local-resolvers.envsh
[Logs de los contenedores (evidencia)] suc02-web01  | /docker-entrypoint.sh: Launching /docker-entrypoint.d/20-envsubst-on-templates.sh
[Logs de los contenedores (evidencia)] suc02-web01  | /docker-entrypoint.sh: Launching /docker-entrypoint.d/30-tune-worker-processes.sh
[Logs de los contenedores (evidencia)] suc02-web01  | /docker-entrypoint.sh: Configuration complete; ready for start up
[Logs de los contenedores (evidencia)] suc02-web01  | 2026/10/08 19:31:39 [notice] 1#1: using the "epoll" event method
[Logs de los contenedores (evidencia)] suc02-web01  | 2026/10/08 19:31:39 [notice] 1#1: nginx/1.27.5
[Logs de los contenedores (evidencia)] suc02-web01  | 2026/10/08 19:31:39 [notice] 1#1: built by gcc 14.2.0 (Alpine 14.2.0) 
[Logs de los contenedores (evidencia)] suc02-web01  | 2026/10/08 19:31:39 [notice] 1#1: OS: Linux 6.17.0-1022-azure
[Logs de los contenedores (evidencia)] suc02-web01  | 2026/10/08 19:31:39 [notice] 1#1: getrlimit(RLIMIT_NOFILE): 65536:65536
[Logs de los contenedores (evidencia)] suc02-web01  | 2026/10/08 19:31:39 [notice] 1#1: start worker processes
[Logs de los contenedores (evidencia)] suc01-web01  | /docker-entrypoint.sh: Launching /docker-entrypoint.d/20-envsubst-on-templates.sh
[Logs de los contenedores (evidencia)] suc01-web01  | /docker-entrypoint.sh: Launching /docker-entrypoint.d/30-tune-worker-processes.sh
[Logs de los contenedores (evidencia)] suc01-web01  | /docker-entrypoint.sh: Configuration complete; ready for start up
[Logs de los contenedores (evidencia)] suc01-web01  | 2026/10/08 19:31:39 [notice] 1#1: using the "epoll" event method
[Logs de los contenedores (evidencia)] suc01-web01  | 2026/10/08 19:31:39 [notice] 1#1: nginx/1.27.5
[Logs de los contenedores (evidencia)] suc01-web01  | 2026/10/08 19:31:39 [notice] 1#1: built by gcc 14.2.0 (Alpine 14.2.0) 
[Logs de los contenedores (evidencia)] suc01-web01  | 2026/10/08 19:31:39 [notice] 1#1: OS: Linux 6.17.0-1022-azure
[Logs de los contenedores (evidencia)] suc01-web01  | 2026/10/08 19:31:39 [notice] 1#1: getrlimit(RLIMIT_NOFILE): 65536:65536
[Logs de los contenedores (evidencia)] suc01-web01  | 2026/10/08 19:31:39 [notice] 1#1: start worker processes
[Logs de los contenedores (evidencia)] suc01-web01  | 2026/10/08 19:31:39 [notice] 1#1: start worker process 29
[Logs de los contenedores (evidencia)] suc01-web01  | 2026/10/08 19:31:39 [notice] 1#1: start worker process 30
[Logs de los contenedores (evidencia)] suc01-web01  | 2026/10/08 19:31:39 [notice] 1#1: start worker process 31
[Logs de los contenedores (evidencia)] suc01-web01  | 2026/10/08 19:31:39 [notice] 1#1: start worker process 32
[Logs de los contenedores (evidencia)] suc01-web01  | ::1 - - [08/Oct/2026:19:31:49 +0000] "GET / HTTP/1.1" 200 229 "-" "Wget" "-"
[Logs de los contenedores (evidencia)] suc01-web01  | 172.19.0.1 - - [08/Oct/2026:19:31:50 +0000] "GET / HTTP/1.1" 200 229 "-" "curl/8.5.0" "-"
[Logs de los contenedores (evidencia)] suc01-web01  | ::1 - - [08/Oct/2026:19:31:59 +0000] "GET / HTTP/1.1" 200 229 "-" "Wget" "-"
[Logs de los contenedores (evidencia)] suc02-web01  | 2026/10/08 19:31:39 [notice] 1#1: start worker process 30
[Logs de los contenedores (evidencia)] suc02-web01  | 2026/10/08 19:31:39 [notice] 1#1: start worker process 31
[Logs de los contenedores (evidencia)] suc02-web01  | 2026/10/08 19:31:39 [notice] 1#1: start worker process 32
[Logs de los contenedores (evidencia)] suc02-web01  | 2026/10/08 19:31:39 [notice] 1#1: start worker process 33
[Logs de los contenedores (evidencia)] suc02-web01  | ::1 - - [08/Oct/2026:19:31:49 +0000] "GET / HTTP/1.1" 200 229 "-" "Wget" "-"
[Logs de los contenedores (evidencia)] suc02-web01  | 172.18.0.1 - - [08/Oct/2026:19:31:50 +0000] "GET / HTTP/1.1" 200 229 "-" "curl/8.5.0" "-"
[Logs de los contenedores (evidencia)] suc02-web01  | ::1 - - [08/Oct/2026:19:31:59 +0000] "GET / HTTP/1.1" 200 229 "-" "Wget" "-"
[docker compose down -v (limpieza)] ##[group]Run docker compose down -v
[docker compose down -v (limpieza)] ^[[36;1mdocker compose down -v^[[0m
[docker compose down -v (limpieza)] shell: /usr/bin/bash -e {0}
[docker compose down -v (limpieza)] ##[endgroup]
[docker compose down -v (limpieza)]  Container suc01-app01  Stopping
[docker compose down -v (limpieza)]  Container suc02-web01  Stopping
[docker compose down -v (limpieza)]  Container suc02-app01  Stopping
[docker compose down -v (limpieza)]  Container suc01-web01  Stopping
[docker compose down -v (limpieza)]  Container suc02-app01  Stopped
[docker compose down -v (limpieza)]  Container suc02-app01  Removing
[docker compose down -v (limpieza)]  Container suc02-app01  Removed
[docker compose down -v (limpieza)]  Container suc02-web01  Stopped
[docker compose down -v (limpieza)]  Container suc02-web01  Removing
[docker compose down -v (limpieza)]  Container suc02-web01  Removed
[docker compose down -v (limpieza)]  Container suc01-web01  Stopped
[docker compose down -v (limpieza)]  Container suc01-web01  Removing
[docker compose down -v (limpieza)]  Container suc01-app01  Stopped
[docker compose down -v (limpieza)]  Container suc01-app01  Removing
[docker compose down -v (limpieza)]  Container suc01-web01  Removed
[docker compose down -v (limpieza)]  Container suc01-app01  Removed
[docker compose down -v (limpieza)]  Network docker_sucursal-01-net  Removing
[docker compose down -v (limpieza)]  Network docker_sucursal-02-net  Removing
[docker compose down -v (limpieza)]  Network docker_sucursal-02-net  Removed
[docker compose down -v (limpieza)]  Network docker_sucursal-01-net  Removed
[Post Run actions/checkout@v4] Post job cleanup.
[Post Run actions/checkout@v4] [command]/usr/bin/git version
[Post Run actions/checkout@v4] git version 2.55.0
[Post Run actions/checkout@v4] Temporarily overriding HOME='/home/runner/work/_temp/95f8ca21-b938-4ca7-8e78-bc9e3b8cff24' before making global git config changes
[Post Run actions/checkout@v4] Adding repository directory to the temporary git global config as a safe directory
[Post Run actions/checkout@v4] [command]/usr/bin/git config --global --add safe.directory /home/runner/work/ServiciosCloudIAC/ServiciosCloudIAC
[Post Run actions/checkout@v4] [command]/usr/bin/git config --local --name-only --get-regexp core\.sshCommand
[Post Run actions/checkout@v4] [command]/usr/bin/git submodule foreach --recursive sh -c "git config --local --name-only --get-regexp 'core\.sshCommand' && git config --local --unset-all 'core.sshCommand' || :"
[Post Run actions/checkout@v4] [command]/usr/bin/git config --local --name-only --get-regexp http\.https\:\/\/github\.com\/\.extraheader
[Post Run actions/checkout@v4] http.https://github.com/.extraheader
[Post Run actions/checkout@v4] [command]/usr/bin/git config --local --unset-all http.https://github.com/.extraheader
[Post Run actions/checkout@v4] [command]/usr/bin/git submodule foreach --recursive sh -c "git config --local --name-only --get-regexp 'http\.https\:\/\/github\.com\/\.extraheader' && git config --local --unset-all 'http.https://github.com/.extraheader' || :"
[Post Run actions/checkout@v4] [command]/usr/bin/git config --local --name-only --get-regexp ^includeIf\.gitdir:
[Post Run actions/checkout@v4] [command]/usr/bin/git submodule foreach --recursive git config --local --show-origin --name-only --get-regexp remote.origin.url
[Complete job] Cleaning up orphan processes
[Complete job] ##[warning]Node.js 20 is deprecated. The following actions target Node.js 20 but are being forced to run on Node.js 24: actions/checkout@v4. For more information see: https://github.blog/changelog/2025-09-19-deprecation-of-node-20-on-github-actions-runners/
